// Jest Snapshot v1, https://goo.gl/fbAQLP

exports[`<HomeScreen /> should save a snapshot of the component 1`] = `
<ScrollView
  contentContainerStyle={
    Object {
      "backgroundColor": "#ffffff",
      "flex": 2,
    }
  }
>
  <View
    style={
      Object {
        "flex": 1,
      }
    }
  >
    <UserProfile />
  </View>
  <Themed.Button
    title="Logout"
  />
</ScrollView>
`;
