// Jest Snapshot v1, https://goo.gl/fbAQLP

exports[`<UserEmail /> should save a snapshot of the component 1`] = `
<ForwardRef
  onPress={[Function]}
>
  <View
    style={
      Object {
        "alignItems": "center",
        "flexDirection": "row",
      }
    }
  >
    <Themed.Icon
      name="email"
      size={24}
      type="material"
    />
    <Themed.Text
      style={
        Object {
          "color": "#242424",
          "marginHorizontal": 4,
        }
      }
    >
      fake@fake.com
    </Themed.Text>
  </View>
</ForwardRef>
`;
