// Jest Snapshot v1, https://goo.gl/fbAQLP

exports[`<StatusBar /> should save a snapshot of the component 1`] = `
<StatusBar
  animated={false}
  barStyle="dark-content"
  showHideTransition="fade"
/>
`;
