// Jest Snapshot v1, https://goo.gl/fbAQLP

exports[`<Loader /> should save a snapshot of the component 1`] = `
<View
  style={
    Array [
      Object {
        "alignItems": "center",
        "backgroundColor": "#ffffff",
        "bottom": 0,
        "flex": 1,
        "justifyContent": "center",
        "left": 0,
        "position": "absolute",
        "right": 0,
        "top": 0,
        "zIndex": 3,
      },
      Object {
        "flexDirection": "row",
        "justifyContent": "space-around",
        "padding": 10,
      },
    ]
  }
>
  <ActivityIndicator
    animating={true}
    color="#2089dc"
    hidesWhenStopped={true}
    size="large"
  />
  <StatusBarComponent />
</View>
`;
