// Jest Snapshot v1, https://goo.gl/fbAQLP

exports[`<LoginScreen /> should save a snapshot of the component 1`] = `
<View>
  <Themed.Text>
    LoginScreen
  </Themed.Text>
</View>
`;
