// Jest Snapshot v1, https://goo.gl/fbAQLP

exports[`<HomeScreen /> should save a snapshot of the component 1`] = `
<View>
  <Themed.Text>
    HomeScreen
  </Themed.Text>
</View>
`;
