// Jest Snapshot v1, https://goo.gl/fbAQLP

exports[`<UserProfile /> should save a snapshot of the component 1`] = `
<View
  style={
    Object {
      "flexDirection": "column",
    }
  }
>
  <Themed.Card
    containerStyle={
      Array [
        Object {
          "borderWidth": 0,
          "margin": 0,
          "padding": 0,
        },
        Object {
          "backgroundColor": "#242424",
        },
      ]
    }
  >
    <UserAvatar
      image="http://localhost/img.png"
    />
  </Themed.Card>
  <Themed.Card
    containerStyle={
      Array [
        Object {
          "borderWidth": 0,
          "margin": 0,
          "padding": 0,
        },
        Object {
          "alignItems": "center",
        },
      ]
    }
  >
    <Themed.Text
      h4={true}
      style={
        Object {
          "color": "#242424",
          "marginVertical": 12,
        }
      }
    >
      fake name
    </Themed.Text>
    <UserEmail
      email="fake@fake.com"
      onPress={[Function]}
    />
  </Themed.Card>
</View>
`;
